// Jest Snapshot v1, https://goo.gl/fbAQLP

exports[`Prueba inicial de configuraci√≥n 1. Realizar el snapshot del componente 1`] = `
<h1>
  HookApp
</h1>
`;
